[0/1] Planning build
Building for debugging...
[0/6] Write sources
[1/6] Write swift-version--58304C5D6DBC2206.txt
[3/6] Compiling FactoryCoreTests XSharingSimulatedOutageTests.swift
[4/6] Emitting module FactoryCoreTests
[4/6] Write Objects.LinkFileList
[5/6] Linking SlopFactoryPackageTests
Build complete! (2.24s)
Test Suite 'Selected tests' started at 2026-09-30 13:55:06.909.
Test Suite 'SlopFactoryPackageTests.xctest' started at 2026-09-30 13:55:06.919.
Test Suite 'SlopFactoryPackageTests.xctest' passed at 2026-09-30 13:55:06.919.
	 Executed 0 tests, with 0 failures (0 unexpected) in 0.000 (0.000) seconds
Test Suite 'Selected tests' passed at 2026-09-30 13:55:06.919.
	 Executed 0 tests, with 0 failures (0 unexpected) in 0.000 (0.010) seconds
◇ Test run started.
↳ Testing Library Version: 1400
↳ Target Platform: arm64e-apple-macos14.0
◇ Suite XSharingSimulatedOutageTests started.
◇ Test connectionFailureExpiresWithoutReplayAfterRecoveryOrRestart() started.
✔ Test connectionFailureExpiresWithoutReplayAfterRecoveryOrRestart() passed after 0.029 seconds.
◇ Test offlineWithdrawalSurvivesRestartAndClearsOnlyAfterRecovery() started.
✔ Test offlineWithdrawalSurvivesRestartAndClearsOnlyAfterRecovery() passed after 0.004 seconds.
✔ Suite XSharingSimulatedOutageTests passed after 0.034 seconds.
✔ Test run with 2 tests in 1 suite passed after 0.035 seconds.
